Flow report for ALU
Tue Sep 12 06:50:17 2023
Quartus Prime Version 22.1std.0 Build 915 10/25/2022 SC Lite Edition


---------------------
; Table of Contents ;
---------------------
  1. Legal Notice
  2. Flow Summary
  3. Flow Settings
  4. Flow Non-Default Global Settings
  5. Flow Elapsed Time
  6. Flow OS Summary
  7. Flow Log
  8. Flow Messages
  9. Flow Suppressed Messages



----------------
; Legal Notice ;
----------------
Copyright (C) 2022  Intel Corporation. All rights reserved.
Your use of Intel Corporation's design tools, logic functions 
and other software and tools, and any partner logic 
functions, and any output files from any of the foregoing 
(including device programming or simulation files), and any 
associated documentation or information are expressly subject 
to the terms and conditions of the Intel Program License 
Subscription Agreement, the Intel Quartus Prime License Agreement,
the Intel FPGA IP License Agreement, or other applicable license
agreement, including, without limitation, that your use is for
the sole purpose of programming logic devices manufactured by
Intel and sold by Intel or its authorized distributors.  Please
refer to the applicable agreement for further details, at
https://fpgasoftware.intel.com/eula.



+------------------------------------------------------------------------------+
; Flow Summary                                                                 ;
+-----------------------------+------------------------------------------------+
; Flow Status                 ; Successful - Tue Sep 12 06:50:17 2023          ;
; Quartus Prime Version       ; 22.1std.0 Build 915 10/25/2022 SC Lite Edition ;
; Revision Name               ; ALU                                            ;
; Top-level Entity Name       ; aluModos                                       ;
; Family                      ; Cyclone V                                      ;
; Device                      ; 5CSEMA5F31C6                                   ;
; Timing Models               ; Final                                          ;
; Logic utilization (in ALMs) ; N/A until Partition Merge                      ;
; Total registers             ; N/A until Partition Merge                      ;
; Total pins                  ; N/A until Partition Merge                      ;
; Total virtual pins          ; N/A until Partition Merge                      ;
; Total block memory bits     ; N/A until Partition Merge                      ;
; Total PLLs                  ; N/A until Partition Merge                      ;
; Total DLLs                  ; N/A until Partition Merge                      ;
+-----------------------------+------------------------------------------------+


+-----------------------------------------+
; Flow Settings                           ;
+-------------------+---------------------+
; Option            ; Setting             ;
+-------------------+---------------------+
; Start date & time ; 09/12/2023 06:50:00 ;
; Main task         ; Compilation         ;
; Revision Name     ; ALU                 ;
+-------------------+---------------------+


+-------------------------------------------------------------------------------------------------------------------------------------------------+
; Flow Non-Default Global Settings                                                                                                                ;
+--------------------------------------+----------------------------------------+---------------+-------------+-----------------------------------+
; Assignment Name                      ; Value                                  ; Default Value ; Entity Name ; Section Id                        ;
+--------------------------------------+----------------------------------------+---------------+-------------+-----------------------------------+
; COMPILER_SIGNATURE_ID                ; 95161990511265.169452299915544         ; --            ; --          ; --                                ;
; EDA_DESIGN_INSTANCE_NAME             ; NA                                     ; --            ; --          ; CompuertaAND_tb                   ;
; EDA_DESIGN_INSTANCE_NAME             ; NA                                     ; --            ; --          ; Restador1Bit_tb                   ;
; EDA_DESIGN_INSTANCE_NAME             ; NA                                     ; --            ; --          ; SumaNBit_tb                       ;
; EDA_DESIGN_INSTANCE_NAME             ; NA                                     ; --            ; --          ; CompuertaXOR_tb                   ;
; EDA_DESIGN_INSTANCE_NAME             ; NA                                     ; --            ; --          ; aluModos_tb                       ;
; EDA_DESIGN_INSTANCE_NAME             ; NA                                     ; --            ; --          ; Suma1Bit_tb                       ;
; EDA_DESIGN_INSTANCE_NAME             ; NA                                     ; --            ; --          ; RestadorNBit_tb                   ;
; EDA_DESIGN_INSTANCE_NAME             ; NA                                     ; --            ; --          ; CompuertaOR_tb                    ;
; EDA_GENERATE_FUNCTIONAL_NETLIST      ; Off                                    ; --            ; --          ; eda_board_design_timing           ;
; EDA_GENERATE_FUNCTIONAL_NETLIST      ; Off                                    ; --            ; --          ; eda_board_design_boundary_scan    ;
; EDA_GENERATE_FUNCTIONAL_NETLIST      ; Off                                    ; --            ; --          ; eda_board_design_signal_integrity ;
; EDA_GENERATE_FUNCTIONAL_NETLIST      ; Off                                    ; --            ; --          ; eda_board_design_symbol           ;
; EDA_NATIVELINK_SIMULATION_TEST_BENCH ; aluModos_tb                            ; --            ; --          ; eda_simulation                    ;
; EDA_OUTPUT_DATA_FORMAT               ; Verilog Hdl                            ; --            ; --          ; eda_simulation                    ;
; EDA_SIMULATION_TOOL                  ; Questa Intel FPGA (Verilog)            ; <None>        ; --          ; --                                ;
; EDA_TEST_BENCH_ENABLE_STATUS         ; TEST_BENCH_MODE                        ; --            ; --          ; eda_simulation                    ;
; EDA_TEST_BENCH_FILE                  ; CompuertaAND_tb.sv                     ; --            ; --          ; CompuertaAND_tb                   ;
; EDA_TEST_BENCH_FILE                  ; Restador1Bit_tb.sv                     ; --            ; --          ; Restador1Bit_tb                   ;
; EDA_TEST_BENCH_FILE                  ; SumaNBit_tb.sv                         ; --            ; --          ; SumaNBit_tb                       ;
; EDA_TEST_BENCH_FILE                  ; CompuertaXOR_tb.sv                     ; --            ; --          ; CompuertaXOR_tb                   ;
; EDA_TEST_BENCH_FILE                  ; aluModos_tb.sv                         ; --            ; --          ; aluModos_tb                       ;
; EDA_TEST_BENCH_FILE                  ; Suma1Bit_tb.sv                         ; --            ; --          ; Suma1Bit_tb                       ;
; EDA_TEST_BENCH_FILE                  ; RestadorNBit_tb.sv                     ; --            ; --          ; RestadorNBit_tb                   ;
; EDA_TEST_BENCH_FILE                  ; CompuertaOR_tb.sv                      ; --            ; --          ; CompuertaOR_tb                    ;
; EDA_TEST_BENCH_MODULE_NAME           ; CompuertaAND_tb                        ; --            ; --          ; CompuertaAND_tb                   ;
; EDA_TEST_BENCH_MODULE_NAME           ; Restador1Bit_tb                        ; --            ; --          ; Restador1Bit_tb                   ;
; EDA_TEST_BENCH_MODULE_NAME           ; SumaNBit_tb                            ; --            ; --          ; SumaNBit_tb                       ;
; EDA_TEST_BENCH_MODULE_NAME           ; CompuertaXOR_tb                        ; --            ; --          ; CompuertaXOR_tb                   ;
; EDA_TEST_BENCH_MODULE_NAME           ; aluModos_tb                            ; --            ; --          ; aluModos_tb                       ;
; EDA_TEST_BENCH_MODULE_NAME           ; Suma1Bit_tb                            ; --            ; --          ; Suma1Bit_tb                       ;
; EDA_TEST_BENCH_MODULE_NAME           ; RestadorNBit_tb                        ; --            ; --          ; RestadorNBit_tb                   ;
; EDA_TEST_BENCH_MODULE_NAME           ; CompuertaOR_tb                         ; --            ; --          ; CompuertaOR_tb                    ;
; EDA_TEST_BENCH_NAME                  ; Suma1Bit_tb                            ; --            ; --          ; eda_simulation                    ;
; EDA_TEST_BENCH_NAME                  ; Restador1Bit_tb                        ; --            ; --          ; eda_simulation                    ;
; EDA_TEST_BENCH_NAME                  ; SumaNBit_tb                            ; --            ; --          ; eda_simulation                    ;
; EDA_TEST_BENCH_NAME                  ; RestadorNBit_tb                        ; --            ; --          ; eda_simulation                    ;
; EDA_TEST_BENCH_NAME                  ; aluModos_tb                            ; --            ; --          ; eda_simulation                    ;
; EDA_TEST_BENCH_NAME                  ; CompuertaAND_tb                        ; --            ; --          ; eda_simulation                    ;
; EDA_TEST_BENCH_NAME                  ; CompuertaOR_tb                         ; --            ; --          ; eda_simulation                    ;
; EDA_TEST_BENCH_NAME                  ; CompuertaXOR_tb                        ; --            ; --          ; eda_simulation                    ;
; EDA_TIME_SCALE                       ; 1 ps                                   ; --            ; --          ; eda_simulation                    ;
; MAX_CORE_JUNCTION_TEMP               ; 85                                     ; --            ; --          ; --                                ;
; MIN_CORE_JUNCTION_TEMP               ; 0                                      ; --            ; --          ; --                                ;
; PARTITION_COLOR                      ; -- (Not supported for targeted family) ; --            ; aluModos    ; Top                               ;
; PARTITION_FITTER_PRESERVATION_LEVEL  ; -- (Not supported for targeted family) ; --            ; aluModos    ; Top                               ;
; PARTITION_NETLIST_TYPE               ; -- (Not supported for targeted family) ; --            ; aluModos    ; Top                               ;
; POWER_BOARD_THERMAL_MODEL            ; None (CONSERVATIVE)                    ; --            ; --          ; --                                ;
; POWER_PRESET_COOLING_SOLUTION        ; 23 MM HEAT SINK WITH 200 LFPM AIRFLOW  ; --            ; --          ; --                                ;
; PROJECT_OUTPUT_DIRECTORY             ; output_files                           ; --            ; --          ; --                                ;
; TOP_LEVEL_ENTITY                     ; aluModos                               ; ALU           ; --          ; --                                ;
+--------------------------------------+----------------------------------------+---------------+-------------+-----------------------------------+


+----------------------------------------------------------------------------------------------------------------------------+
; Flow Elapsed Time                                                                                                          ;
+------------------------+--------------+-------------------------+---------------------+------------------------------------+
; Module Name            ; Elapsed Time ; Average Processors Used ; Peak Virtual Memory ; Total CPU Time (on all processors) ;
+------------------------+--------------+-------------------------+---------------------+------------------------------------+
; Analysis & Elaboration ; 00:00:18     ; 1.0                     ; 4780 MB             ; 00:00:36                           ;
; Total                  ; 00:00:18     ; --                      ; --                  ; 00:00:36                           ;
+------------------------+--------------+-------------------------+---------------------+------------------------------------+


+--------------------------------------------------------------------------------------+
; Flow OS Summary                                                                      ;
+------------------------+------------------+------------+------------+----------------+
; Module Name            ; Machine Hostname ; OS Name    ; OS Version ; Processor type ;
+------------------------+------------------+------------+------------+----------------+
; Analysis & Elaboration ; DESKTOP-PSAL98M  ; Windows 10 ; 10.0       ; x86_64         ;
+------------------------+------------------+------------+------------+----------------+


------------
; Flow Log ;
------------
quartus_map --read_settings_files=on --write_settings_files=off ALU -c ALU --analysis_and_elaboration



