------------------------------------------------------------
Timing Analyzer Summary
------------------------------------------------------------

Type  : Slow 1100mV 85C Model Setup 'start'
Slack : -2.028
TNS   : -2.028

Type  : Slow 1100mV 85C Model Setup 'selector'
Slack : -1.998
TNS   : -7.000

Type  : Slow 1100mV 85C Model Hold 'selector'
Slack : 0.561
TNS   : 0.000

Type  : Slow 1100mV 85C Model Hold 'start'
Slack : 0.699
TNS   : 0.000

Type  : Slow 1100mV 85C Model Minimum Pulse Width 'start'
Slack : -0.394
TNS   : -0.602

Type  : Slow 1100mV 85C Model Minimum Pulse Width 'selector'
Slack : 0.089
TNS   : 0.000

Type  : Slow 1100mV 0C Model Setup 'selector'
Slack : -1.987
TNS   : -7.162

Type  : Slow 1100mV 0C Model Setup 'start'
Slack : -1.909
TNS   : -1.909

Type  : Slow 1100mV 0C Model Hold 'selector'
Slack : 0.543
TNS   : 0.000

Type  : Slow 1100mV 0C Model Hold 'start'
Slack : 0.670
TNS   : 0.000

Type  : Slow 1100mV 0C Model Minimum Pulse Width 'start'
Slack : -0.394
TNS   : -0.659

Type  : Slow 1100mV 0C Model Minimum Pulse Width 'selector'
Slack : 0.105
TNS   : 0.000

Type  : Fast 1100mV 85C Model Setup 'start'
Slack : -1.037
TNS   : -1.037

Type  : Fast 1100mV 85C Model Setup 'selector'
Slack : -0.717
TNS   : -2.040

Type  : Fast 1100mV 85C Model Hold 'selector'
Slack : 0.322
TNS   : 0.000

Type  : Fast 1100mV 85C Model Hold 'start'
Slack : 0.469
TNS   : 0.000

Type  : Fast 1100mV 85C Model Minimum Pulse Width 'start'
Slack : -0.297
TNS   : -0.297

Type  : Fast 1100mV 85C Model Minimum Pulse Width 'selector'
Slack : -0.091
TNS   : -0.580

Type  : Fast 1100mV 0C Model Setup 'start'
Slack : -0.864
TNS   : -0.864

Type  : Fast 1100mV 0C Model Setup 'selector'
Slack : -0.587
TNS   : -1.707

Type  : Fast 1100mV 0C Model Hold 'selector'
Slack : 0.291
TNS   : 0.000

Type  : Fast 1100mV 0C Model Hold 'start'
Slack : 0.398
TNS   : 0.000

Type  : Fast 1100mV 0C Model Minimum Pulse Width 'start'
Slack : -0.318
TNS   : -0.318

Type  : Fast 1100mV 0C Model Minimum Pulse Width 'selector'
Slack : -0.073
TNS   : -0.490

------------------------------------------------------------
